﻿python : [INFO] AUTO_BOOTSTRAP=true ù rafra¯chissement du state depuis Jira...
Au caractère Ligne:1 : 1
+ python main.py --events 10 --dry-run > test.log 2>&1
+ ~~~~~~~~~~~~~~~~~~~~~~~~~~~~~~~~~~~~~~~~~~~~~~~~~~~~
    + CategoryInfo          : NotSpecified: ([INFO] AUTO_BOO... depuis Jira... 
   :String) [], RemoteException
    + FullyQualifiedErrorId : NativeCommandError
 
[INFO] JiraClient: DRY_RUN=True ù no HTTP calls will be made
[INFO] Bootstrap ù rÚcupÚration des tickets pour POT...
[INFO]   \u2192 3 ticket(s) rÚcupÚrÚ(s) pour POT (Úquipe: phoenix)
[INFO] Bootstrap ù rÚcupÚration des tickets pour KAN...
[INFO]   \u2192 3 ticket(s) rÚcupÚrÚ(s) pour KAN (Úquipe: phoenix)
[INFO] Bootstrap terminÚ ù 6 ticket(s) total, 5 membre(s)
[INFO]   Bug : 2 ticket(s)
[INFO]   Epic : 2 ticket(s)
[INFO]   Story : 2 ticket(s)
[INFO] Bootstrap terminÚ ù state.json Ó jour
[INFO] AIWriter: using provider 'stub'
[INFO] JiraClient: DRY_RUN=True ù no HTTP calls will be made
Traceback (most recent call last):
  File "C:\Users\User\Documents\devproject\JiraAgitator\main.py", line 9, in 
<module>
    run_simulation(n_events=args.events, force_dry_run=args.dry_run)
    ~~~~~~~~~~~~~~^^^^^^^^^^^^^^^^^^^^^^^^^^^^^^^^^^^^^^^^^^^^^^^^^^
  File "C:\Users\User\Documents\devproject\JiraAgitator\scheduler.py", line 
78, in run_simulation
    check_and_replenish(
    ~~~~~~~~~~~~~~~~~~~^
        project_list, jira_client, state_manager,
        ^^^^^^^^^^^^^^^^^^^^^^^^^^^^^^^^^^^^^^^^^
        ai_writer, teams_cfg, dry_run=force_dry_run
        ^^^^^^^^^^^^^^^^^^^^^^^^^^^^^^^^^^^^^^^^^^^
    )
    ^
  File "C:\Users\User\Documents\devproject\JiraAgitator\backlog_manager.py", 
line 111, in check_and_replenish
    result = jira_client.create_issue(fields)
  File "C:\Users\User\Documents\devproject\JiraAgitator\jira_client.py", line 
433, in create_issue
    return self._dry_log('create_issue', project_key or self.project_key,
           ~~~~~~~~~~~~~^^^^^^^^^^^^^^^^^^^^^^^^^^^^^^^^^^^^^^^^^^^^^^^^^
                         f'{issue_type}: "{summary[:60]}"')
                         ^^^^^^^^^^^^^^^^^^^^^^^^^^^^^^^^^^
  File "C:\Users\User\Documents\devproject\JiraAgitator\jira_client.py", line 
92, in _dry_log
    print(message)
    ~~~~~^^^^^^^^^
  File "C:\Program Files\WindowsApps\PythonSoftwareFoundation.Python.3.13_3.13.
3312.0_x64__qbz5n2kfra8p0\Lib\encodings\cp1252.py", line 19, in encode
    return codecs.charmap_encode(input,self.errors,encoding_table)[0]
           ~~~~~~~~~~~~~~~~~~~~~^^^^^^^^^^^^^^^^^^^^^^^^^^^^^^^^^^
UnicodeEncodeError: 'charmap' codec can't encode character '\u2192' in 
position 30: character maps to <undefined>
